[moonshots.farm/goo/index.html]
[backblue.gif]
[fade.gif]
[index.html]
[moonshots.farm/assets/img/favicon/apple-touch-icon.png]
[moonshots.farm/index.html]
[moonshots.farm/assets/img/favicon/favicon-32x32.png]
[moonshots.farm/assets/img/favicon/favicon-16x16.png]
[moonshots.farm/assets/img/favicon/site.webmanifest]
[moonshots.farm/assets/img/favicon/safari-pinned-tab.svg]
[moonshots.farm/vendor/@fortawesome/fontawesome-free/css/all.min.css]
[moonshots.farm/css/main1.css]
[moonshots.farm/assets/img/logo.png]
[moonshots.farm/assets/img/goo.png]
[moonshots.farm/assets/img/chest.png]
[moonshots.farm/assets/img/factory.gif]
[moonshots.farm/fomo/index.html]
[moonshots.farm/assets/img/treasurechest.png]
[moonshots.farm/assets/img/apeswap.png]
[moonshots.farm/assets/img/banana.png]
[moonshots.farm/assets/img/internkitty.png]
[moonshots.farm/assets/img/graduategerbil.png]
[moonshots.farm/assets/img/phdduck.png]
[moonshots.farm/assets/img/profpenguin.png]
[moonshots.farm/assets/img/biochembadger.png]
[moonshots.farm/assets/img/hamsterwheel.png]
[assets.coingecko.com/coins/images/825/small/binance-coin-logo.png]
[moonshots.farm/assets/img/metamask.png]
[moonshots.farm/vendor/jquery/dist/jquery.min.js]
[moonshots.farm/assets/js/web3.js]
[moonshots.farm/assets/js/web3-provider.min.js]
[moonshots.farm/assets/js/consts13.js]
[moonshots.farm/assets/js/gooconsts6.js]
[moonshots.farm/assets/js/goo8.js]
[moonshots.farm/vendor/popper.js/dist/umd/popper.min.js]
[moonshots.farm/goo/index.html]
[moonshots.farm/vendor/bootstrap/dist/js/bootstrap.min.js]
[moonshots.farm/assets/img/rocket.png]
[moonshots.farm/assets/img/dogepancake.png]
[moonshots.farm/assets/img/dogebanana.png]
[moonshots.farm/assets/img/dogebiswap.png]
[moonshots.farm/assets/img/bones.png]
[moonshots.farm/assets/js/consts12.js]
[moonshots.farm/index.html]
[moonshots.farm/assets/img/favicon/safari-pinned-tab.svg]
[moonshots.farm/assets/js/index54.js]
[moonshots.farm/vendor/@fortawesome/fontawesome-free/webfonts/fa-brands-400.eot]
[moonshots.farm/vendor/@fortawesome/fontawesome-free/webfonts/fa-brands-400d41d.eot]
[moonshots.farm/vendor/@fortawesome/fontawesome-free/webfonts/fa-brands-400.woff2]
[moonshots.farm/vendor/@fortawesome/fontawesome-free/webfonts/fa-brands-400.woff]
[moonshots.farm/vendor/@fortawesome/fontawesome-free/webfonts/fa-brands-400.ttf]
[moonshots.farm/vendor/@fortawesome/fontawesome-free/webfonts/fa-brands-400.svg]
[moonshots.farm/vendor/@fortawesome/fontawesome-free/webfonts/fa-regular-400.eot]
[moonshots.farm/vendor/@fortawesome/fontawesome-free/webfonts/fa-regular-400d41d.eot]
[moonshots.farm/vendor/@fortawesome/fontawesome-free/webfonts/fa-regular-400.woff2]
[moonshots.farm/vendor/@fortawesome/fontawesome-free/webfonts/fa-regular-400.woff]
[moonshots.farm/vendor/@fortawesome/fontawesome-free/webfonts/fa-regular-400.ttf]
[moonshots.farm/vendor/@fortawesome/fontawesome-free/webfonts/fa-regular-400.svg]
[moonshots.farm/vendor/@fortawesome/fontawesome-free/webfonts/fa-solid-900.eot]
[moonshots.farm/vendor/@fortawesome/fontawesome-free/webfonts/fa-solid-900d41d.eot]
[moonshots.farm/vendor/@fortawesome/fontawesome-free/webfonts/fa-solid-900.woff2]
[moonshots.farm/vendor/@fortawesome/fontawesome-free/webfonts/fa-solid-900.woff]
[moonshots.farm/vendor/@fortawesome/fontawesome-free/webfonts/fa-solid-900.ttf]
[moonshots.farm/vendor/@fortawesome/fontawesome-free/css/all.min.css]
[moonshots.farm/vendor/@fortawesome/fontawesome-free/webfonts/fa-solid-900.svg]
[moonshots.farm/assets/img/background.png]
[squirrel.finance/assets/img/transparent.png]
[moonshots.farm/css/main1.css]
[moonshots.farm/assets/img/eth.svg]
[moonshots.farm/assets/img/fomo.png]
[moonshots.farm/assets/img/rewards.png]
[moonshots.farm/fomo/index.html]
[moonshots.farm/vendor/@fortawesome/fontawesome-free/webfonts/fa-brands-400.svg]
[moonshots.farm/vendor/@fortawesome/fontawesome-free/webfonts/fa-regular-400.svg]
[moonshots.farm/assets/js/fomo30.js]
[moonshots.farm/vendor/@fortawesome/fontawesome-free/webfonts/fa-solid-900.svg]
[moonshots.farm/assets/img/eth.svg]
